// Jest Snapshot v1, https://goo.gl/fbAQLP

exports[`getEstablishment effect should dispatch the establishmentLoaded action if the request is successful 1`] = `
Object {
  "@@redux-saga/IO": true,
  "CALL": Object {
    "args": Array [],
    "context": null,
    "fn": [Function],
  },
}
`;

exports[`getEstablishment effect should dispatch the establishmentLoadingError action requests fails 1`] = `
Object {
  "@@redux-saga/IO": true,
  "CALL": Object {
    "args": Array [],
    "context": null,
    "fn": [Function],
  },
}
`;
